// Jest Snapshot v1, https://goo.gl/fbAQLP

exports[`Author renders correctly 1`] = `
<div>
  <a
    href="/"
  />
  <h2>
    <a
      href="/"
    >
      Sean Yu
    </a>
  </h2>
  <p>
    Staff Software Engineer @ 
    <a
      href="https://www.xendit.co/en/"
    >
      Xendit.
    </a>
     
    <br />
    Turning curiosity and teamwork into real-world software solutions 
    <br />
    Giving learning in public a shot.
  </p>
</div>
`;
